{
  "class_labels": null,
  "feature_names": null,
  "mode": "classification",
  "n_instances": 5,
  "predictions": null,
  "probs_shape": null,
  "version": null
}
