{
  "feature_names": null,
  "intervals_shape": null,
  "mode": "regression",
  "n_instances": 5,
  "predictions": null
}
