{
  "class_labels": [
    "0",
    "1",
    "2"
  ],
  "feature_names": [
    "0",
    "1",
    "2",
    "3"
  ],
  "mode": "classification",
  "n_instances": 5,
  "predictions": [
    0.8959616700889801,
    0.6929133858267716,
    0.6376811594202898,
    0.717391304347826,
    0.8959616700889801
  ],
  "probabilities_head": [
    [
      0.895962,
      0.057495,
      0.046543
    ],
    [
      0.047244,
      0.259843,
      0.692913
    ],
    [
      0.043478,
      0.637681,
      0.318841
    ],
    [
      0.043478,
      0.717391,
      0.23913
    ],
    [
      0.895962,
      0.057495,
      0.046543
    ]
  ],
  "rule_summaries": [
    "Prediction [ Low ,  High] 0.896 [0.889, 0.977] Value : Feature                                  Weight [ Low  ,  High ] 0.2   : 3 <= 0.65                                 0.229 [-0.032,  0.452] 1.3   : 2 <= 2.50                                 0.218 [-0.052,  0.452] 4.4   : 0 <= 5.90                                 0.161 [-0.167,  0.452]",
    "Prediction [ Low ,  High] 0.693 [0.624, 0.831] Value : Feature                                  Weight [ Low  ,  High ] 1.8   : 3 > 0.65                                  0.416 [ 0.277,  0.693] 4.9   : 2 > 2.50                                  0.330 [ 0.040,  0.693] 6.1   : 0 > 5.90                                  0.014 [-0.122,  0.082]",
    "Prediction [ Low ,  High] 0.638 [0.478, 0.957] Value : Feature                                  Weight [ Low  ,  High ] 3.3   : 2 > 2.50                                  0.386 [ 0.338,  0.509] 1.0   : 3 > 0.65                                  0.282 [ 0.155,  0.500] 4.9   : 0 <= 5.90                                -0.148 [-0.268, -0.130]"
  ]
}
