{
  "feature_names": [
    "0",
    "1",
    "2",
    "3",
    "4",
    "5",
    "6",
    "7",
    "8",
    "9"
  ],
  "lower_head": [
    73.814682,
    93.860401,
    66.822562,
    155.289354,
    26.185391
  ],
  "mode": "regression",
  "n_instances": 5,
  "predictions": [
    158.57826872162735,
    178.62398781379213,
    151.5861482195804,
    240.05294038395402,
    110.94897694293662
  ],
  "rule_summaries": [
    "Prediction [ Low ,  High] 158.578 [73.815, 247.343] Value : Feature                                  Weight [ Low  ,  High ] 0.03  : 8 > 0.02                                 20.660 [-68.104, 105.424] 0.13  : 4 > 0.01                                 -13.047 [-101.811, 71.717] -0.01 : 2 > -0.02                                12.975 [-75.790, 97.738]",
    "Prediction [ Low ,  High] 178.624 [93.860, 267.388] Value : Feature                                  Weight [ Low  ,  High ] 0.04  : 2 > -0.02                                66.570 [-22.195, 151.333] 0.02  : 3 > -0.00                                24.912 [-63.852, 109.676] -0.02 : 8 <= 0.02                                -22.602 [-111.366, 62.162]",
    "Prediction [ Low ,  High] 151.586 [66.823, 240.350] Value : Feature                                  Weight [ Low  ,  High ] 0.08  : 8 > 0.02                                 30.405 [-58.359, 115.169] 0.1   : 4 > 0.01                                 -15.171 [-103.936, 69.592] -0.02 : 9 <= 0.05                                -10.744 [-99.508, 74.020]"
  ],
  "upper_head": [
    247.342597,
    267.388316,
    240.350476,
    328.817269,
    199.713305
  ]
}
